<html>
<body>
<pre>
<h1>µVision Build Log</h1>
<h2>Tool Versions:</h2>
IDE-Version: µVision V5.40.0.0
Copyright (C) 2024 ARM Ltd and ARM Germany GmbH. All rights reserved.
License Information: USER USER, INSA Toulouse, LIC=----
 
Tool Versions:
Toolchain:       MDK-Lite  Version: 5.40.0.3
Toolchain Path:  C:\Program Files\Keil_5.4\ARM\ARMCLANG\Bin
C Compiler:      ArmClang.exe V6.22
Assembler:       Armasm.exe V6.22
Linker/Locator:  ArmLink.exe V6.22
Library Manager: ArmAr.exe V6.22
Hex Converter:   FromElf.exe V6.22
CPU DLL:         SARMCM3.DLL V5.40.0.3
Dialog DLL:      DARMSTM.DLL V1.69.1.0
Target DLL:      UL2CM3.DLL V1.164.11.0
Dialog DLL:      TARMSTM.DLL V1.67.1.0
 
<h2>Project:</h2>
U:\MATLAB\TP_CHTI\ASSEMBLEUR\1_SON+DFT\PjetKEL_GestionSon\GestionSon.uvprojx
Project File Date:  04/11/2025

<h2>Output:</h2>
*** Using Compiler 'V6.22', folder: 'C:\Program Files\Keil_5.4\ARM\ARMCLANG\Bin'
Rebuild target 'CibleSondeKEIL'
Note: source file '.\GestionSon\GestionSon.h' - object file renamed from '.\Objects\GestionSon.o' to '.\Objects\gestionson_1.o'.
Note: source file '.\ServiceDFT\DFT.h' - object file renamed from '.\Objects\DFT.o' to '.\Objects\dft_1.o'.
Note: source file '\\netapp2\antunes\MATLAB\TP_CHTI\ASSEMBLEUR\1_SON+DFT\PjetKEL_GestionSon\ServiceDFT_Fract\DFT_Fract.h' - object file renamed from '.\Objects\DFT_Fract.o' to '.\Objects\dft_fract_1.o'.
Note: source file '.\ServiceDFT_Fract\DFT_Fract.c' - object file renamed from '.\Objects\DFT_Fract.o' to '.\Objects\dft_fract_1.o'.
compiling Signal_float.c...
compiling GestionSon.h...
compiling CosSin_float.c...
compiling principal.c...
"GestionSon/GestionSon.s", line 102: Warning: A1581W: Added 2 bytes of padding at address 0x5e
  102 00000060  END
0 Errors, 1 Warning
assembling GestionSon.s...
armclang: warning: argument unused during compilation: '-D __UVISION_VERSION=540' [-Wunused-command-line-argument]
assembling bruitverre.asm...
compiling ServiceJeuLaser.c...
compiling DFT.c...
compiling DFT.h...
armclang: warning: argument unused during compilation: '-D __UVISION_VERSION=540' [-Wunused-command-line-argument]
assembling CosSin_Fract_1_15.asm...
compiling DFT_Fract.h...
compiling DFT_Fract.c...
armclang: warning: argument unused during compilation: '-D __UVISION_VERSION=540' [-Wunused-command-line-argument]
assembling Signal_4_12.asm...
assembling startup_stm32f10x_md.s...
compiling system_stm32f10x.c...
linking...
.\Objects\GestionSon.axf: Warning: L6304W: Duplicate input file .\objects\dft_fract_1.o ignored.
Program Size: Code=4020 RO-data=11556 RW-data=176 ZI-data=1408  
Finished: 0 information, 1 warning and 0 error messages.
FromELF: creating hex file...
".\Objects\GestionSon.axf" - 0 Error(s), 4 Warning(s).

<h2>Software Packages used:</h2>

Package Vendor: ARM
                https://www.keil.com/pack/ARM.CMSIS.6.1.0.pack
                ARM::CMSIS@6.1.0
                CMSIS (Common Microcontroller Software Interface Standard)
   * Component: CORE Version: 6.1.0

Package Vendor: Keil
                https://www.keil.com/pack/Keil.STM32F1xx_DFP.2.4.1.pack
                Keil::STM32F1xx_DFP@2.4.1
                STMicroelectronics STM32F1 Series Device Support, Drivers and Examples
   * Component: Startup Version: 1.0.0

<h2>Collection of Component include folders:</h2>
  ./RTE/Device/STM32F103RB
  ./RTE/_CibleSondeKEIL
  C:/ProgramData/keil/ARM/Pack/ARM/CMSIS/6.1.0/CMSIS/Core/Include
  C:/ProgramData/keil/ARM/Pack/Keil/STM32F1xx_DFP/2.4.1/Device/Include

<h2>Collection of Component Files used:</h2>

   * Component: ARM::CMSIS:CORE@6.1.0

   * Component: Keil::Device:Startup@1.0.0
      Include file:  RTE_Driver/Config/RTE_Device.h
      Source file:   Device/Source/system_stm32f10x.c
      Source file:   Device/Source/ARM/STM32F1xx_OPT.s
      Source file:   Device/Source/ARM/startup_stm32f10x_md.s
Build Time Elapsed:  00:00:02
</pre>
</body>
</html>
