Component: Arm Compiler for Embedded 6.22 Tool: armlink [5ee90200]

==============================================================================

Section Cross References

    principal.o(.text.InitialisationScores) refers to affichage_valise.o(.text) for Init_Affichage
    principal.o(.ARM.exidx.text.InitialisationScores) refers to principal.o(.text.InitialisationScores) for [Anonymous Symbol]
    principal.o(.text.Scores) refers to principal.o(.bss.DFT_Tab) for DFT_Tab
    principal.o(.text.Scores) refers to principal.o(.bss.scores) for scores
    principal.o(.text.Scores) refers to gestionson.o(moncode) for GestionSon_Start
    principal.o(.text.Scores) refers to principal.o(.bss.compteur_scores) for compteur_scores
    principal.o(.text.Scores) refers to affichage_valise.o(.text) for Prepare_Afficheur
    principal.o(.ARM.exidx.text.Scores) refers to principal.o(.text.Scores) for [Anonymous Symbol]
    principal.o(.text.DMA_callback) refers to servicejeulaser.o(.text.ServJeuLASER_StartDMA) for ServJeuLASER_StartDMA
    principal.o(.text.DMA_callback) refers to principal.o(.data.M) for M
    principal.o(.text.DMA_callback) refers to principal.o(.bss.DMA_Tab) for DMA_Tab
    principal.o(.text.DMA_callback) refers to dft_fract.o(.text.calculer_DFT_Fract) for calculer_DFT_Fract
    principal.o(.text.DMA_callback) refers to principal.o(.bss.DFT_Tab) for DFT_Tab
    principal.o(.text.DMA_callback) refers to principal.o(.text.Scores) for Scores
    principal.o(.ARM.exidx.text.DMA_callback) refers to principal.o(.text.DMA_callback) for [Anonymous Symbol]
    principal.o(.text.main) refers to clock.o(i.CLOCK_Configure) for CLOCK_Configure
    principal.o(.text.main) refers to principal.o(.text.InitialisationScores) for InitialisationScores
    principal.o(.text.main) refers to principal.o(.bss.DMA_Tab) for DMA_Tab
    principal.o(.text.main) refers to servicejeulaser.o(.text.ServJeuLASER_ADC_DMA) for ServJeuLASER_ADC_DMA
    principal.o(.text.main) refers to gestionson.o(moncode) for GestionSon_Stop
    principal.o(.text.main) refers to bruitverre.o(SecSon) for PeriodeSonMicroSec
    principal.o(.text.main) refers to servicejeulaser.o(.text.ServJeuLASER_Son_Init) for ServJeuLASER_Son_Init
    principal.o(.text.main) refers to principal.o(.text.DMA_callback) for DMA_callback
    principal.o(.text.main) refers to servicejeulaser.o(.text.ServJeuLASER_Systick_IT_Init) for ServJeuLASER_Systick_IT_Init
    principal.o(.ARM.exidx.text.main) refers to principal.o(.text.main) for [Anonymous Symbol]
    gestionson.o(mesdata) refers (Special) to bruitverre.o(SecSon) for PeriodeSonMicroSec
    gestionson.o(maram) refers (Special) to bruitverre.o(SecSon) for PeriodeSonMicroSec
    gestionson.o(moncode) refers (Special) to bruitverre.o(SecSon) for PeriodeSonMicroSec
    gestionson.o(moncode) refers to timer_1234.o(i.PWM_Set_Value_TIM3_Ch3) for PWM_Set_Value_TIM3_Ch3
    gestionson.o(moncode) refers to gestionson.o(maram) for GestionSon_Index
    servicejeulaser.o(.text.ServJeuLASER_Son_Init) refers to timer_1234.o(i.Timer_1234_Init_ff) for Timer_1234_Init_ff
    servicejeulaser.o(.text.ServJeuLASER_Son_Init) refers to gpio.o(i.GPIO_Configure) for GPIO_Configure
    servicejeulaser.o(.text.ServJeuLASER_Son_Init) refers to timer_1234.o(i.PWM_Init_ff) for PWM_Init_ff
    servicejeulaser.o(.text.ServJeuLASER_Son_Init) refers to timer_1234.o(i.Active_IT_Debordement_Timer) for Active_IT_Debordement_Timer
    servicejeulaser.o(.ARM.exidx.text.ServJeuLASER_Son_Init) refers to servicejeulaser.o(.text.ServJeuLASER_Son_Init) for [Anonymous Symbol]
    servicejeulaser.o(.ARM.exidx.text.ServJeuLASER_WritePWMSoundVal) refers to servicejeulaser.o(.text.ServJeuLASER_WritePWMSoundVal) for [Anonymous Symbol]
    servicejeulaser.o(.text.ServJeuLASER_Systick_IT_Init) refers to timer_systick.o(i.Systick_Period_ff) for Systick_Period_ff
    servicejeulaser.o(.text.ServJeuLASER_Systick_IT_Init) refers to timer_systick.o(i.Systick_Prio_IT) for Systick_Prio_IT
    servicejeulaser.o(.ARM.exidx.text.ServJeuLASER_Systick_IT_Init) refers to servicejeulaser.o(.text.ServJeuLASER_Systick_IT_Init) for [Anonymous Symbol]
    servicejeulaser.o(.text.ServJeuLASER_ADC_DMA) refers to adc_dma.o(i.Init_TimingADC_ActiveADC_ff) for Init_TimingADC_ActiveADC_ff
    servicejeulaser.o(.text.ServJeuLASER_ADC_DMA) refers to adc_dma.o(i.Single_Channel_ADC) for Single_Channel_ADC
    servicejeulaser.o(.text.ServJeuLASER_ADC_DMA) refers to adc_dma.o(i.Init_Conversion_On_Trig_Timer_ff) for Init_Conversion_On_Trig_Timer_ff
    servicejeulaser.o(.text.ServJeuLASER_ADC_DMA) refers to adc_dma.o(i.Init_ADC1_DMA1) for Init_ADC1_DMA1
    servicejeulaser.o(.ARM.exidx.text.ServJeuLASER_ADC_DMA) refers to servicejeulaser.o(.text.ServJeuLASER_ADC_DMA) for [Anonymous Symbol]
    servicejeulaser.o(.text.ServJeuLASER_StartDMA) refers to adc_dma.o(i.Start_DMA1) for Start_DMA1
    servicejeulaser.o(.text.ServJeuLASER_StartDMA) refers to adc_dma.o(i.Wait_On_End_Of_DMA1) for Wait_On_End_Of_DMA1
    servicejeulaser.o(.ARM.exidx.text.ServJeuLASER_StartDMA) refers to servicejeulaser.o(.text.ServJeuLASER_StartDMA) for [Anonymous Symbol]
    dft_fract.o(.text.calculer_DFT_Fract) refers to cossin_fract_1_15.o(Trigo) for TabCosFract
    dft_fract.o(.ARM.exidx.text.calculer_DFT_Fract) refers to dft_fract.o(.text.calculer_DFT_Fract) for [Anonymous Symbol]
    affichage_valise.o(.text) refers to timer_1234.o(i.Timer_1234_Init_ff) for Timer_1234_Init_ff
    affichage_valise.o(.text) refers to timer_1234.o(i.Active_IT_Debordement_Timer) for Active_IT_Debordement_Timer
    affichage_valise.o(.text) refers to gpio.o(i.GPIO_Configure) for GPIO_Configure
    affichage_valise.o(.text) refers to affichage_valise.o(.data) for SPI_Soft_En_Cours
    affichage_valise.o(.text) refers to affichage_valise.o(.bss) for Trame
    startup_stm32f10x_md.o(RESET) refers to startup_stm32f10x_md.o(STACK) for __initial_sp
    startup_stm32f10x_md.o(RESET) refers to startup_stm32f10x_md.o(.text) for Reset_Handler
    startup_stm32f10x_md.o(RESET) refers to timer_systick.o(i.SysTick_Handler) for SysTick_Handler
    startup_stm32f10x_md.o(RESET) refers to timer_1234.o(i.TIM1_UP_IRQHandler) for TIM1_UP_IRQHandler
    startup_stm32f10x_md.o(RESET) refers to timer_1234.o(i.TIM1_CC_IRQHandler) for TIM1_CC_IRQHandler
    startup_stm32f10x_md.o(RESET) refers to timer_1234.o(i.TIM2_IRQHandler) for TIM2_IRQHandler
    startup_stm32f10x_md.o(RESET) refers to timer_1234.o(i.TIM3_IRQHandler) for TIM3_IRQHandler
    startup_stm32f10x_md.o(RESET) refers to timer_1234.o(i.TIM4_IRQHandler) for TIM4_IRQHandler
    startup_stm32f10x_md.o(.text) refers to system_stm32f10x.o(.text.SystemInit) for SystemInit
    startup_stm32f10x_md.o(.text) refers to entry.o(.ARM.Collect$$$$00000000) for __main
    system_stm32f10x.o(.text.SystemInit) refers to system_stm32f10x.o(.text.SetSysClock) for SetSysClock
    system_stm32f10x.o(.ARM.exidx.text.SystemInit) refers to system_stm32f10x.o(.text.SystemInit) for [Anonymous Symbol]
    system_stm32f10x.o(.text.SetSysClock) refers to system_stm32f10x.o(.text.SetSysClockTo72) for SetSysClockTo72
    system_stm32f10x.o(.ARM.exidx.text.SetSysClock) refers to system_stm32f10x.o(.text.SetSysClock) for [Anonymous Symbol]
    system_stm32f10x.o(.text.SystemCoreClockUpdate) refers to system_stm32f10x.o(.data.SystemCoreClock) for SystemCoreClock
    system_stm32f10x.o(.text.SystemCoreClockUpdate) refers to system_stm32f10x.o(.rodata.AHBPrescTable) for AHBPrescTable
    system_stm32f10x.o(.ARM.exidx.text.SystemCoreClockUpdate) refers to system_stm32f10x.o(.text.SystemCoreClockUpdate) for [Anonymous Symbol]
    system_stm32f10x.o(.ARM.exidx.text.SetSysClockTo72) refers to system_stm32f10x.o(.text.SetSysClockTo72) for [Anonymous Symbol]
    adc_dma.o(i.ADC_IRQHandler) refers to adc_dma.o(.data) for .data
    adc_dma.o(i.DMAChannel1_IRQHandler) refers to adc_dma.o(.data) for .data
    adc_dma.o(i.Init_Conversion_On_Trig_Timer_ff) refers to timer_1234.o(i.PWM_Init_ff) for PWM_Init_ff
    adc_dma.o(i.Init_IT_ADC_EOC) refers to adc_dma.o(.data) for .data
    adc_dma.o(i.Init_IT_End_Of_DMA1) refers to adc_dma.o(.data) for .data
    adc_dma.o(i.Init_TimingADC_ActiveADC_ff) refers to clock.o(i.CLOCK_GetADCCLK) for CLOCK_GetADCCLK
    adc_dma.o(i.Init_TimingADC_ActiveADC_ff) refers to clock.o(i.CLOCK_GetHCLK) for CLOCK_GetHCLK
    clock.o(i.CLOCK_Configure) refers to clock.o(i.CLOCK_HPRECompute) for CLOCK_HPRECompute
    timer_1234.o(i.Active_IT_Compare_Timer) refers to timer_1234.o(.data) for .data
    timer_1234.o(i.Active_IT_Debordement_Timer) refers to timer_1234.o(.data) for .data
    timer_1234.o(i.Capture_Init) refers to clock.o(i.CLOCK_GetTIMCLK) for CLOCK_GetTIMCLK
    timer_1234.o(i.Capture_Init) refers to dfltui.o(.text) for __aeabi_ui2d
    timer_1234.o(i.Capture_Init) refers to f2d.o(.text) for __aeabi_f2d
    timer_1234.o(i.Capture_Init) refers to dmul.o(.text) for __aeabi_dmul
    timer_1234.o(i.Capture_Init) refers to ddiv.o(.text) for __aeabi_ddiv
    timer_1234.o(i.Capture_Init) refers to d2f.o(.text) for __aeabi_d2f
    timer_1234.o(i.Capture_Init) refers to ffltui.o(.text) for __aeabi_ui2f
    timer_1234.o(i.Capture_Init) refers to fmul.o(.text) for __aeabi_fmul
    timer_1234.o(i.Capture_Init) refers to ffixui.o(.text) for __aeabi_f2uiz
    timer_1234.o(i.Capture_Init) refers to ffixi.o(.text) for __aeabi_f2iz
    timer_1234.o(i.Lire_Duree_Pulse) refers to timer_1234.o(.data) for .data
    timer_1234.o(i.PWM_Init) refers to f2d.o(.text) for __aeabi_f2d
    timer_1234.o(i.PWM_Init) refers to ddiv.o(.text) for __aeabi_ddiv
    timer_1234.o(i.PWM_Init) refers to d2f.o(.text) for __aeabi_d2f
    timer_1234.o(i.PWM_Init) refers to timer_1234.o(i.Timer_1234_Init) for Timer_1234_Init
    timer_1234.o(i.PWM_Init_ff) refers to timer_1234.o(i.Timer_1234_Init_ff) for Timer_1234_Init_ff
    timer_1234.o(i.TIM1_CC_IRQHandler) refers to timer_1234.o(.data) for .data
    timer_1234.o(i.TIM1_UP_IRQHandler) refers to timer_1234.o(.data) for .data
    timer_1234.o(i.TIM2_IRQHandler) refers to timer_1234.o(.data) for .data
    timer_1234.o(i.TIM3_IRQHandler) refers to timer_1234.o(.data) for .data
    timer_1234.o(i.TIM4_IRQHandler) refers to timer_1234.o(.data) for .data
    timer_1234.o(i.Timer_1234_Init) refers to clock.o(i.CLOCK_GetTIMCLK) for CLOCK_GetTIMCLK
    timer_1234.o(i.Timer_1234_Init) refers to ffltui.o(.text) for __aeabi_ui2f
    timer_1234.o(i.Timer_1234_Init) refers to fmul.o(.text) for __aeabi_fmul
    timer_1234.o(i.Timer_1234_Init) refers to f2d.o(.text) for __aeabi_f2d
    timer_1234.o(i.Timer_1234_Init) refers to ddiv.o(.text) for __aeabi_ddiv
    timer_1234.o(i.Timer_1234_Init) refers to d2f.o(.text) for __aeabi_d2f
    timer_1234.o(i.Timer_1234_Init) refers to fscalb.o(.text) for __ARM_scalbnf
    timer_1234.o(i.Timer_1234_Init) refers to ffixui.o(.text) for __aeabi_f2uiz
    timer_1234.o(i.Timer_1234_Init) refers to fdiv.o(.text) for __aeabi_fdiv
    timer_1234.o(i.Timer_1234_Init) refers to dfltui.o(.text) for __aeabi_ui2d
    timer_1234.o(i.Timer_1234_Init) refers to dadd.o(.text) for __aeabi_dadd
    timer_1234.o(i.Timer_1234_Init) refers to dmul.o(.text) for __aeabi_dmul
    timer_1234.o(i.Timer_1234_Init_ff) refers to clock.o(i.CLOCK_GetHCLK) for CLOCK_GetHCLK
    timer_1234.o(i.Timer_1234_Init_ff) refers to clock.o(i.CLOCK_GetTIMCLK) for CLOCK_GetTIMCLK
    timer_systick.o(i.SysTick_Handler) refers to timer_systick.o(.data) for .data
    timer_systick.o(i.Systick_Period) refers to clock.o(i.CLOCK_GetHCLK) for CLOCK_GetHCLK
    timer_systick.o(i.Systick_Period) refers to ffltui.o(.text) for __aeabi_ui2f
    timer_systick.o(i.Systick_Period) refers to fmul.o(.text) for __aeabi_fmul
    timer_systick.o(i.Systick_Period) refers to f2d.o(.text) for __aeabi_f2d
    timer_systick.o(i.Systick_Period) refers to ddiv.o(.text) for __aeabi_ddiv
    timer_systick.o(i.Systick_Period) refers to d2f.o(.text) for __aeabi_d2f
    timer_systick.o(i.Systick_Period) refers to ffixui.o(.text) for __aeabi_f2uiz
    timer_systick.o(i.Systick_Period) refers to fdiv.o(.text) for __aeabi_fdiv
    timer_systick.o(i.Systick_Period) refers to dmul.o(.text) for __aeabi_dmul
    timer_systick.o(i.Systick_Prio_IT) refers to timer_systick.o(.data) for .data
    entry.o(.ARM.Collect$$$$00000000) refers (Special) to entry10a.o(.ARM.Collect$$$$0000000D) for __rt_final_cpp
    entry.o(.ARM.Collect$$$$00000000) refers (Special) to entry11a.o(.ARM.Collect$$$$0000000F) for __rt_final_exit
    entry.o(.ARM.Collect$$$$00000000) refers (Special) to entry7b.o(.ARM.Collect$$$$00000008) for _main_clock
    entry.o(.ARM.Collect$$$$00000000) refers (Special) to entry8b.o(.ARM.Collect$$$$0000000A) for _main_cpp_init
    entry.o(.ARM.Collect$$$$00000000) refers (Special) to entry9a.o(.ARM.Collect$$$$0000000B) for _main_init
    entry.o(.ARM.Collect$$$$00000000) refers (Special) to entry5.o(.ARM.Collect$$$$00000004) for _main_scatterload
    entry.o(.ARM.Collect$$$$00000000) refers (Special) to entry2.o(.ARM.Collect$$$$00000001) for _main_stk
    fmul.o(.text) refers (Special) to iusefp.o(.text) for __I$use$fp
    fdiv.o(.text) refers (Special) to iusefp.o(.text) for __I$use$fp
    fdiv.o(.text) refers to fepilogue.o(.text) for _float_round
    fscalb.o(.text) refers (Special) to iusefp.o(.text) for __I$use$fp
    dadd.o(.text) refers (Special) to iusefp.o(.text) for __I$use$fp
    dadd.o(.text) refers to llshl.o(.text) for __aeabi_llsl
    dadd.o(.text) refers to llsshr.o(.text) for __aeabi_lasr
    dadd.o(.text) refers to depilogue.o(.text) for _double_epilogue
    dmul.o(.text) refers (Special) to iusefp.o(.text) for __I$use$fp
    dmul.o(.text) refers to depilogue.o(.text) for _double_epilogue
    ddiv.o(.text) refers (Special) to iusefp.o(.text) for __I$use$fp
    ddiv.o(.text) refers to depilogue.o(.text) for _double_round
    ffltui.o(.text) refers (Special) to iusefp.o(.text) for __I$use$fp
    ffltui.o(.text) refers to fepilogue.o(.text) for _float_epilogue
    dfltui.o(.text) refers (Special) to iusefp.o(.text) for __I$use$fp
    dfltui.o(.text) refers to depilogue.o(.text) for _double_epilogue
    ffixi.o(.text) refers (Special) to iusefp.o(.text) for __I$use$fp
    ffixui.o(.text) refers (Special) to iusefp.o(.text) for __I$use$fp
    f2d.o(.text) refers (Special) to iusefp.o(.text) for __I$use$fp
    d2f.o(.text) refers (Special) to iusefp.o(.text) for __I$use$fp
    d2f.o(.text) refers to fepilogue.o(.text) for _float_round
    entry2.o(.ARM.Collect$$$$00000001) refers to entry2.o(.ARM.Collect$$$$00002712) for __lit__00000000
    entry2.o(.ARM.Collect$$$$00002712) refers to startup_stm32f10x_md.o(STACK) for __initial_sp
    entry2.o(__vectab_stack_and_reset_area) refers to startup_stm32f10x_md.o(STACK) for __initial_sp
    entry2.o(__vectab_stack_and_reset_area) refers to entry.o(.ARM.Collect$$$$00000000) for __main
    entry5.o(.ARM.Collect$$$$00000004) refers to init.o(.text) for __scatterload
    entry9a.o(.ARM.Collect$$$$0000000B) refers to principal.o(.text.main) for main
    entry9b.o(.ARM.Collect$$$$0000000C) refers to principal.o(.text.main) for main
    fepilogue.o(.text) refers (Special) to iusefp.o(.text) for __I$use$fp
    depilogue.o(.text) refers (Special) to iusefp.o(.text) for __I$use$fp
    depilogue.o(.text) refers to llshl.o(.text) for __aeabi_llsl
    depilogue.o(.text) refers to llushr.o(.text) for __aeabi_llsr
    init.o(.text) refers to entry5.o(.ARM.Collect$$$$00000004) for __main_after_scatterload


==============================================================================

Removing Unused input sections from the image.

    Removing principal.o(.text), (0 bytes).
    Removing principal.o(.ARM.exidx.text.InitialisationScores), (8 bytes).
    Removing principal.o(.ARM.exidx.text.Scores), (8 bytes).
    Removing principal.o(.ARM.exidx.text.DMA_callback), (8 bytes).
    Removing principal.o(.ARM.exidx.text.main), (8 bytes).
    Removing principal.o(.ARM.use_no_argv), (4 bytes).
    Removing gestionson.o(mesdata), (0 bytes).
    Removing servicejeulaser.o(.text), (0 bytes).
    Removing servicejeulaser.o(.ARM.exidx.text.ServJeuLASER_Son_Init), (8 bytes).
    Removing servicejeulaser.o(.text.ServJeuLASER_WritePWMSoundVal), (24 bytes).
    Removing servicejeulaser.o(.ARM.exidx.text.ServJeuLASER_WritePWMSoundVal), (8 bytes).
    Removing servicejeulaser.o(.ARM.exidx.text.ServJeuLASER_Systick_IT_Init), (8 bytes).
    Removing servicejeulaser.o(.ARM.exidx.text.ServJeuLASER_ADC_DMA), (8 bytes).
    Removing servicejeulaser.o(.ARM.exidx.text.ServJeuLASER_StartDMA), (8 bytes).
    Removing signal_4_12.o(Signal), (128 bytes).
    Removing dft_fract.o(.text), (0 bytes).
    Removing dft_fract.o(.ARM.exidx.text.calculer_DFT_Fract), (8 bytes).
    Removing affichage_valise.o(.rev16_text), (4 bytes).
    Removing affichage_valise.o(.revsh_text), (4 bytes).
    Removing startup_stm32f10x_md.o(HEAP), (512 bytes).
    Removing system_stm32f10x.o(.text), (0 bytes).
    Removing system_stm32f10x.o(.ARM.exidx.text.SystemInit), (8 bytes).
    Removing system_stm32f10x.o(.ARM.exidx.text.SetSysClock), (8 bytes).
    Removing system_stm32f10x.o(.text.SystemCoreClockUpdate), (290 bytes).
    Removing system_stm32f10x.o(.ARM.exidx.text.SystemCoreClockUpdate), (8 bytes).
    Removing system_stm32f10x.o(.ARM.exidx.text.SetSysClockTo72), (8 bytes).
    Removing system_stm32f10x.o(.data.SystemCoreClock), (4 bytes).
    Removing system_stm32f10x.o(.rodata.AHBPrescTable), (16 bytes).
    Removing adc_dma.o(.rev16_text), (4 bytes).
    Removing adc_dma.o(.revsh_text), (4 bytes).
    Removing adc_dma.o(.rrx_text), (6 bytes).
    Removing adc_dma.o(i.ADC_IRQHandler), (60 bytes).
    Removing adc_dma.o(i.DMAChannel1_IRQHandler), (28 bytes).
    Removing adc_dma.o(i.Init_IT_ADC_EOC), (64 bytes).
    Removing adc_dma.o(i.Init_IT_End_Of_DMA1), (48 bytes).
    Removing adc_dma.o(i.Init_MultiChan_Regular), (140 bytes).
    Removing adc_dma.o(i.Wait_On_EOC_ADC), (24 bytes).
    Removing adc_dma.o(.data), (12 bytes).
    Removing clock.o(.rev16_text), (4 bytes).
    Removing clock.o(.revsh_text), (4 bytes).
    Removing clock.o(.rrx_text), (6 bytes).
    Removing clock.o(i.CLOCK_GetPCLK1), (8 bytes).
    Removing clock.o(i.CLOCK_GetPCLK2), (8 bytes).
    Removing gpio.o(.rev16_text), (4 bytes).
    Removing gpio.o(.revsh_text), (4 bytes).
    Removing gpio.o(.rrx_text), (6 bytes).
    Removing gpio.o(i.GPIOA_Clear), (16 bytes).
    Removing gpio.o(i.GPIOA_Set), (16 bytes).
    Removing gpio.o(i.GPIOB_Clear), (16 bytes).
    Removing gpio.o(i.GPIOB_Set), (16 bytes).
    Removing gpio.o(i.GPIOC_Clear), (16 bytes).
    Removing gpio.o(i.GPIOC_Set), (16 bytes).
    Removing timer_1234.o(.rev16_text), (4 bytes).
    Removing timer_1234.o(.revsh_text), (4 bytes).
    Removing timer_1234.o(.rrx_text), (6 bytes).
    Removing timer_1234.o(i.Active_IT_Compare_Timer), (492 bytes).
    Removing timer_1234.o(i.Capture_Init), (484 bytes).
    Removing timer_1234.o(i.Lire_Duree_Pulse), (96 bytes).
    Removing timer_1234.o(i.PWM_Complementaire_Timer1), (60 bytes).
    Removing timer_1234.o(i.PWM_Init), (200 bytes).
    Removing timer_1234.o(i.Timer_1234_Init), (268 bytes).
    Removing timer_1234.o(i.Timer_Inc_Init), (180 bytes).
    Removing timer_systick.o(.rev16_text), (4 bytes).
    Removing timer_systick.o(.revsh_text), (4 bytes).
    Removing timer_systick.o(.rrx_text), (6 bytes).
    Removing timer_systick.o(i.Systick_Period), (196 bytes).
    Removing fmul.o(.text), (100 bytes).
    Removing fdiv.o(.text), (124 bytes).
    Removing fscalb.o(.text), (24 bytes).
    Removing dadd.o(.text), (334 bytes).
    Removing dmul.o(.text), (228 bytes).
    Removing ddiv.o(.text), (222 bytes).
    Removing ffltui.o(.text), (10 bytes).
    Removing dfltui.o(.text), (26 bytes).
    Removing ffixi.o(.text), (50 bytes).
    Removing ffixui.o(.text), (40 bytes).
    Removing f2d.o(.text), (38 bytes).
    Removing d2f.o(.text), (56 bytes).
    Removing fepilogue.o(.text), (110 bytes).
    Removing depilogue.o(.text), (186 bytes).

80 unused section(s) (total 5180 bytes) removed from the image.

==============================================================================

Image Symbol Table

    Local Symbols

    Symbol Name                              Value     Ov Type        Size  Object(Section)

    ../clib/microlib/init/entry.s            0x00000000   Number         0  entry.o ABSOLUTE
    ../clib/microlib/init/entry.s            0x00000000   Number         0  entry2.o ABSOLUTE
    ../clib/microlib/init/entry.s            0x00000000   Number         0  entry5.o ABSOLUTE
    ../clib/microlib/init/entry.s            0x00000000   Number         0  entry7a.o ABSOLUTE
    ../clib/microlib/init/entry.s            0x00000000   Number         0  entry7b.o ABSOLUTE
    ../clib/microlib/init/entry.s            0x00000000   Number         0  entry8a.o ABSOLUTE
    ../clib/microlib/init/entry.s            0x00000000   Number         0  entry8b.o ABSOLUTE
    ../clib/microlib/init/entry.s            0x00000000   Number         0  entry9a.o ABSOLUTE
    ../clib/microlib/init/entry.s            0x00000000   Number         0  entry9b.o ABSOLUTE
    ../clib/microlib/init/entry.s            0x00000000   Number         0  entry10a.o ABSOLUTE
    ../clib/microlib/init/entry.s            0x00000000   Number         0  entry10b.o ABSOLUTE
    ../clib/microlib/init/entry.s            0x00000000   Number         0  entry11a.o ABSOLUTE
    ../clib/microlib/init/entry.s            0x00000000   Number         0  entry11b.o ABSOLUTE
    ../clib/microlib/longlong.c              0x00000000   Number         0  llshl.o ABSOLUTE
    ../clib/microlib/longlong.c              0x00000000   Number         0  llsshr.o ABSOLUTE
    ../clib/microlib/longlong.c              0x00000000   Number         0  llushr.o ABSOLUTE
    ../clib/microlib/stubs.s                 0x00000000   Number         0  iusefp.o ABSOLUTE
    ../fplib/microlib/d2f.c                  0x00000000   Number         0  d2f.o ABSOLUTE
    ../fplib/microlib/f2d.c                  0x00000000   Number         0  f2d.o ABSOLUTE
    ../fplib/microlib/fpadd.c                0x00000000   Number         0  dadd.o ABSOLUTE
    ../fplib/microlib/fpdiv.c                0x00000000   Number         0  fdiv.o ABSOLUTE
    ../fplib/microlib/fpdiv.c                0x00000000   Number         0  ddiv.o ABSOLUTE
    ../fplib/microlib/fpepilogue.c           0x00000000   Number         0  fepilogue.o ABSOLUTE
    ../fplib/microlib/fpepilogue.c           0x00000000   Number         0  depilogue.o ABSOLUTE
    ../fplib/microlib/fpfix.c                0x00000000   Number         0  ffixi.o ABSOLUTE
    ../fplib/microlib/fpfix.c                0x00000000   Number         0  ffixui.o ABSOLUTE
    ../fplib/microlib/fpflt.c                0x00000000   Number         0  ffltui.o ABSOLUTE
    ../fplib/microlib/fpflt.c                0x00000000   Number         0  dfltui.o ABSOLUTE
    ../fplib/microlib/fpmul.c                0x00000000   Number         0  fmul.o ABSOLUTE
    ../fplib/microlib/fpmul.c                0x00000000   Number         0  dmul.o ABSOLUTE
    ../fplib/microlib/fpscalb.c              0x00000000   Number         0  fscalb.o ABSOLUTE
    //netapp2/antunes/MATLAB/TP_CHTI/ASSEMBLEUR/1_SON+DFT/PjetKEL_GestionSon/ServiceDFT_Fract/CosSin_Fract_1_15.asm 0x00000000   Number         0  cossin_fract_1_15.o ABSOLUTE
    //netapp2/antunes/MATLAB/TP_CHTI/ASSEMBLEUR/1_SON+DFT/PjetKEL_GestionSon/ServiceDFT_Fract/Signal_4_12.asm 0x00000000   Number         0  signal_4_12.o ABSOLUTE
    Affichage_Valise.c                       0x00000000   Number         0  affichage_valise.o ABSOLUTE
    Affichage_Valise.c                       0x00000000   Number         0  affichage_valise.o ABSOLUTE
    DFT_Fract.c                              0x00000000   Number         0  dft_fract.o ABSOLUTE
    GestionSon/GestionSon.s                  0x00000000   Number         0  gestionson.o ABSOLUTE
    GestionSon/bruitverre.asm                0x00000000   Number         0  bruitverre.o ABSOLUTE
    Lib\ADC_DMA.c                            0x00000000   Number         0  adc_dma.o ABSOLUTE
    Lib\GPIO.c                               0x00000000   Number         0  gpio.o ABSOLUTE
    Lib\Timer_1234.c                         0x00000000   Number         0  timer_1234.o ABSOLUTE
    Lib\Timer_Systick.c                      0x00000000   Number         0  timer_systick.o ABSOLUTE
    Lib\\ADC_DMA.c                           0x00000000   Number         0  adc_dma.o ABSOLUTE
    Lib\\GPIO.c                              0x00000000   Number         0  gpio.o ABSOLUTE
    Lib\\Timer_1234.c                        0x00000000   Number         0  timer_1234.o ABSOLUTE
    Lib\\Timer_Systick.c                     0x00000000   Number         0  timer_systick.o ABSOLUTE
    Lib\\clock.c                             0x00000000   Number         0  clock.o ABSOLUTE
    Lib\clock.c                              0x00000000   Number         0  clock.o ABSOLUTE
    RTE/Device/STM32F103RB/startup_stm32f10x_md.s 0x00000000   Number         0  startup_stm32f10x_md.o ABSOLUTE
    ServiceJeuLaser.c                        0x00000000   Number         0  servicejeulaser.o ABSOLUTE
    dc.s                                     0x00000000   Number         0  dc.o ABSOLUTE
    handlers.s                               0x00000000   Number         0  handlers.o ABSOLUTE
    init.s                                   0x00000000   Number         0  init.o ABSOLUTE
    principal.c                              0x00000000   Number         0  principal.o ABSOLUTE
    system_stm32f10x.c                       0x00000000   Number         0  system_stm32f10x.o ABSOLUTE
    RESET                                    0x08000000   Section      236  startup_stm32f10x_md.o(RESET)
    .ARM.Collect$$$$00000000                 0x080000ec   Section        0  entry.o(.ARM.Collect$$$$00000000)
    .ARM.Collect$$$$00000001                 0x080000ec   Section        4  entry2.o(.ARM.Collect$$$$00000001)
    .ARM.Collect$$$$00000004                 0x080000f0   Section        4  entry5.o(.ARM.Collect$$$$00000004)
    .ARM.Collect$$$$00000008                 0x080000f4   Section        0  entry7b.o(.ARM.Collect$$$$00000008)
    .ARM.Collect$$$$0000000A                 0x080000f4   Section        0  entry8b.o(.ARM.Collect$$$$0000000A)
    .ARM.Collect$$$$0000000B                 0x080000f4   Section        8  entry9a.o(.ARM.Collect$$$$0000000B)
    __lit__00000000                          0x080000fc   Data           4  entry2.o(.ARM.Collect$$$$00002712)
    .ARM.Collect$$$$0000000D                 0x080000fc   Section        0  entry10a.o(.ARM.Collect$$$$0000000D)
    .ARM.Collect$$$$0000000F                 0x080000fc   Section        0  entry11a.o(.ARM.Collect$$$$0000000F)
    .ARM.Collect$$$$00002712                 0x080000fc   Section        4  entry2.o(.ARM.Collect$$$$00002712)
    .text                                    0x08000100   Section        0  affichage_valise.o(.text)
    .text                                    0x08000478   Section       36  startup_stm32f10x_md.o(.text)
    .text                                    0x0800049c   Section       48  init.o(.text)
    [Anonymous Symbol]                       0x080004cc   Section        0  principal.o(.text.DMA_callback)
    [Anonymous Symbol]                       0x0800051c   Section        0  principal.o(.text.InitialisationScores)
    [Anonymous Symbol]                       0x08000550   Section        0  principal.o(.text.Scores)
    [Anonymous Symbol]                       0x08000614   Section        0  servicejeulaser.o(.text.ServJeuLASER_ADC_DMA)
    [Anonymous Symbol]                       0x08000648   Section        0  servicejeulaser.o(.text.ServJeuLASER_Son_Init)
    [Anonymous Symbol]                       0x080006a4   Section        0  servicejeulaser.o(.text.ServJeuLASER_StartDMA)
    [Anonymous Symbol]                       0x080006c0   Section        0  servicejeulaser.o(.text.ServJeuLASER_Systick_IT_Init)
    SetSysClock                              0x08000705   Thumb Code     8  system_stm32f10x.o(.text.SetSysClock)
    [Anonymous Symbol]                       0x08000704   Section        0  system_stm32f10x.o(.text.SetSysClock)
    SetSysClockTo72                          0x0800070d   Thumb Code   290  system_stm32f10x.o(.text.SetSysClockTo72)
    [Anonymous Symbol]                       0x0800070c   Section        0  system_stm32f10x.o(.text.SetSysClockTo72)
    [Anonymous Symbol]                       0x08000830   Section        0  system_stm32f10x.o(.text.SystemInit)
    [Anonymous Symbol]                       0x08000898   Section        0  dft_fract.o(.text.calculer_DFT_Fract)
    [Anonymous Symbol]                       0x08000958   Section        0  principal.o(.text.main)
    i.Active_IT_Debordement_Timer            0x080009a8   Section        0  timer_1234.o(i.Active_IT_Debordement_Timer)
    i.CLOCK_Configure                        0x08000a8c   Section        0  clock.o(i.CLOCK_Configure)
    i.CLOCK_GetADCCLK                        0x08000b00   Section        0  clock.o(i.CLOCK_GetADCCLK)
    i.CLOCK_GetHCLK                          0x08000b08   Section        0  clock.o(i.CLOCK_GetHCLK)
    i.CLOCK_GetTIMCLK                        0x08000b10   Section        0  clock.o(i.CLOCK_GetTIMCLK)
    CLOCK_HPRECompute                        0x08000b35   Thumb Code   116  clock.o(i.CLOCK_HPRECompute)
    i.CLOCK_HPRECompute                      0x08000b34   Section        0  clock.o(i.CLOCK_HPRECompute)
    i.GPIO_Configure                         0x08000ba8   Section        0  gpio.o(i.GPIO_Configure)
    i.Init_ADC1_DMA1                         0x08000cb0   Section        0  adc_dma.o(i.Init_ADC1_DMA1)
    i.Init_Conversion_On_Trig_Timer_ff       0x08000cfc   Section        0  adc_dma.o(i.Init_Conversion_On_Trig_Timer_ff)
    i.Init_TimingADC_ActiveADC_ff            0x08000d6c   Section        0  adc_dma.o(i.Init_TimingADC_ActiveADC_ff)
    i.PWM_Init_ff                            0x08000e40   Section        0  timer_1234.o(i.PWM_Init_ff)
    i.PWM_Set_Value_TIM3_Ch3                 0x08000eec   Section        0  timer_1234.o(i.PWM_Set_Value_TIM3_Ch3)
    i.Single_Channel_ADC                     0x08000ef8   Section        0  adc_dma.o(i.Single_Channel_ADC)
    i.Start_DMA1                             0x08000f08   Section        0  adc_dma.o(i.Start_DMA1)
    i.SysTick_Handler                        0x08000f24   Section        0  timer_systick.o(i.SysTick_Handler)
    i.Systick_Period_ff                      0x08000f30   Section        0  timer_systick.o(i.Systick_Period_ff)
    i.Systick_Prio_IT                        0x08000f54   Section        0  timer_systick.o(i.Systick_Prio_IT)
    i.TIM1_CC_IRQHandler                     0x08000f68   Section        0  timer_1234.o(i.TIM1_CC_IRQHandler)
    i.TIM1_UP_IRQHandler                     0x08001074   Section        0  timer_1234.o(i.TIM1_UP_IRQHandler)
    i.TIM2_IRQHandler                        0x0800108c   Section        0  timer_1234.o(i.TIM2_IRQHandler)
    i.TIM3_IRQHandler                        0x0800119c   Section        0  timer_1234.o(i.TIM3_IRQHandler)
    i.TIM4_IRQHandler                        0x080012c8   Section        0  timer_1234.o(i.TIM4_IRQHandler)
    i.Timer_1234_Init_ff                     0x080013f4   Section        0  timer_1234.o(i.Timer_1234_Init_ff)
    i.Wait_On_End_Of_DMA1                    0x08001470   Section        0  adc_dma.o(i.Wait_On_End_Of_DMA1)
    i.__scatterload_copy                     0x08001488   Section       14  handlers.o(i.__scatterload_copy)
    i.__scatterload_null                     0x08001496   Section        2  handlers.o(i.__scatterload_null)
    i.__scatterload_zeroinit                 0x08001498   Section       14  handlers.o(i.__scatterload_zeroinit)
    moncode                                  0x080014a8   Section      112  gestionson.o(moncode)
    SecSon                                   0x08001538   Section    11032  bruitverre.o(SecSon)
    Trigo                                    0x08004050   Section      256  cossin_fract_1_15.o(Trigo)
    .data                                    0x20000000   Section       12  affichage_valise.o(.data)
    .data                                    0x2000000c   Section      160  timer_1234.o(.data)
    Ptr_TIM1                                 0x2000001c   Data           4  timer_1234.o(.data)
    Ptr_TIM2                                 0x20000020   Data           4  timer_1234.o(.data)
    Ptr_TIM3                                 0x20000024   Data           4  timer_1234.o(.data)
    Ptr_TIM4                                 0x20000028   Data           4  timer_1234.o(.data)
    Ptr_TIM1_Voie1                           0x2000002c   Data           4  timer_1234.o(.data)
    Ptr_TIM1_Voie2                           0x20000030   Data           4  timer_1234.o(.data)
    Ptr_TIM1_Voie3                           0x20000034   Data           4  timer_1234.o(.data)
    Ptr_TIM1_Voie4                           0x20000038   Data           4  timer_1234.o(.data)
    Ptr_TIM2_Voie1                           0x2000003c   Data           4  timer_1234.o(.data)
    Ptr_TIM2_Voie2                           0x20000040   Data           4  timer_1234.o(.data)
    Ptr_TIM2_Voie3                           0x20000044   Data           4  timer_1234.o(.data)
    Ptr_TIM2_Voie4                           0x20000048   Data           4  timer_1234.o(.data)
    Ptr_TIM3_Voie1                           0x2000004c   Data           4  timer_1234.o(.data)
    Ptr_TIM3_Voie2                           0x20000050   Data           4  timer_1234.o(.data)
    Ptr_TIM3_Voie3                           0x20000054   Data           4  timer_1234.o(.data)
    Ptr_TIM3_Voie4                           0x20000058   Data           4  timer_1234.o(.data)
    Ptr_TIM4_Voie1                           0x2000005c   Data           4  timer_1234.o(.data)
    Ptr_TIM4_Voie2                           0x20000060   Data           4  timer_1234.o(.data)
    Ptr_TIM4_Voie3                           0x20000064   Data           4  timer_1234.o(.data)
    Ptr_TIM4_Voie4                           0x20000068   Data           4  timer_1234.o(.data)
    Duree_Pulse_T1                           0x2000006c   Data           8  timer_1234.o(.data)
    Duree_Pulse_T2                           0x20000074   Data           8  timer_1234.o(.data)
    Duree_Pulse_T3                           0x2000007c   Data           8  timer_1234.o(.data)
    Duree_Pulse_T4                           0x20000084   Data           8  timer_1234.o(.data)
    Date_T1                                  0x2000008c   Data           8  timer_1234.o(.data)
    Date_T2                                  0x20000094   Data           8  timer_1234.o(.data)
    Date_T3                                  0x2000009c   Data           8  timer_1234.o(.data)
    Date_T4                                  0x200000a4   Data           8  timer_1234.o(.data)
    Ptr_Systick                              0x200000ac   Data           4  timer_systick.o(.data)
    .data                                    0x200000ac   Section        4  timer_systick.o(.data)
    maram                                    0x200000b4   Section        8  gestionson.o(maram)
    .bss                                     0x200000c0   Section       10  affichage_valise.o(.bss)
    STACK                                    0x20000270   Section     1024  startup_stm32f10x_md.o(STACK)

    Global Symbols

    Symbol Name                              Value     Ov Type        Size  Object(Section)

    BuildAttributes$$THM_ISAv4$P$D$K$B$S$PE$A:L22UL41UL21$X:L11$S22US41US21$IEEE1$IW$~IW$USESV6$~STKCKD$USESV7$~SHL$OTIME$ROPI$EBA8$MICROLIB$REQ8$PRES8$EABIv2 0x00000000   Number         0  anon$$obj.o ABSOLUTE
    __cpp_initialize__aeabi_                  - Undefined Weak Reference
    __cxa_finalize                            - Undefined Weak Reference
    __decompress                              - Undefined Weak Reference
    _clock_init                               - Undefined Weak Reference
    _microlib_exit                            - Undefined Weak Reference
    __Vectors_Size                           0x000000ec   Number         0  startup_stm32f10x_md.o ABSOLUTE
    __Vectors                                0x08000000   Data           4  startup_stm32f10x_md.o(RESET)
    __Vectors_End                            0x080000ec   Data           0  startup_stm32f10x_md.o(RESET)
    __main                                   0x080000ed   Thumb Code     0  entry.o(.ARM.Collect$$$$00000000)
    _main_stk                                0x080000ed   Thumb Code     0  entry2.o(.ARM.Collect$$$$00000001)
    _main_scatterload                        0x080000f1   Thumb Code     0  entry5.o(.ARM.Collect$$$$00000004)
    __main_after_scatterload                 0x080000f5   Thumb Code     0  entry5.o(.ARM.Collect$$$$00000004)
    _main_clock                              0x080000f5   Thumb Code     0  entry7b.o(.ARM.Collect$$$$00000008)
    _main_cpp_init                           0x080000f5   Thumb Code     0  entry8b.o(.ARM.Collect$$$$0000000A)
    _main_init                               0x080000f5   Thumb Code     0  entry9a.o(.ARM.Collect$$$$0000000B)
    __rt_final_cpp                           0x080000fd   Thumb Code     0  entry10a.o(.ARM.Collect$$$$0000000D)
    __rt_final_exit                          0x080000fd   Thumb Code     0  entry11a.o(.ARM.Collect$$$$0000000F)
    Mise_A_Jour_Afficheurs_LED               0x08000101   Thumb Code    56  affichage_valise.o(.text)
    Sortir_Trame                             0x08000139   Thumb Code   208  affichage_valise.o(.text)
    Decodage_7_Seg                           0x08000209   Thumb Code   100  affichage_valise.o(.text)
    Init_Affichage                           0x0800026d   Thumb Code   226  affichage_valise.o(.text)
    Prepare_Afficheur                        0x0800034f   Thumb Code    76  affichage_valise.o(.text)
    Prepare_Set_Point_Unite                  0x0800039b   Thumb Code    22  affichage_valise.o(.text)
    Prepare_Clear_Point_Unite                0x080003b1   Thumb Code    22  affichage_valise.o(.text)
    Prepare_Set_LED                          0x080003c7   Thumb Code    16  affichage_valise.o(.text)
    Prepare_Clear_LED                        0x080003d7   Thumb Code    16  affichage_valise.o(.text)
    Choix_Capteur                            0x080003e7   Thumb Code    96  affichage_valise.o(.text)
    Reset_Handler                            0x08000479   Thumb Code     8  startup_stm32f10x_md.o(.text)
    NMI_Handler                              0x08000481   Thumb Code     2  startup_stm32f10x_md.o(.text)
    HardFault_Handler                        0x08000483   Thumb Code     2  startup_stm32f10x_md.o(.text)
    MemManage_Handler                        0x08000485   Thumb Code     2  startup_stm32f10x_md.o(.text)
    BusFault_Handler                         0x08000487   Thumb Code     2  startup_stm32f10x_md.o(.text)
    UsageFault_Handler                       0x08000489   Thumb Code     2  startup_stm32f10x_md.o(.text)
    SVC_Handler                              0x0800048b   Thumb Code     2  startup_stm32f10x_md.o(.text)
    DebugMon_Handler                         0x0800048d   Thumb Code     2  startup_stm32f10x_md.o(.text)
    PendSV_Handler                           0x0800048f   Thumb Code     2  startup_stm32f10x_md.o(.text)
    ADC1_2_IRQHandler                        0x08000493   Thumb Code     0  startup_stm32f10x_md.o(.text)
    CAN1_RX1_IRQHandler                      0x08000493   Thumb Code     0  startup_stm32f10x_md.o(.text)
    CAN1_SCE_IRQHandler                      0x08000493   Thumb Code     0  startup_stm32f10x_md.o(.text)
    DMA1_Channel1_IRQHandler                 0x08000493   Thumb Code     0  startup_stm32f10x_md.o(.text)
    DMA1_Channel2_IRQHandler                 0x08000493   Thumb Code     0  startup_stm32f10x_md.o(.text)
    DMA1_Channel3_IRQHandler                 0x08000493   Thumb Code     0  startup_stm32f10x_md.o(.text)
    DMA1_Channel4_IRQHandler                 0x08000493   Thumb Code     0  startup_stm32f10x_md.o(.text)
    DMA1_Channel5_IRQHandler                 0x08000493   Thumb Code     0  startup_stm32f10x_md.o(.text)
    DMA1_Channel6_IRQHandler                 0x08000493   Thumb Code     0  startup_stm32f10x_md.o(.text)
    DMA1_Channel7_IRQHandler                 0x08000493   Thumb Code     0  startup_stm32f10x_md.o(.text)
    EXTI0_IRQHandler                         0x08000493   Thumb Code     0  startup_stm32f10x_md.o(.text)
    EXTI15_10_IRQHandler                     0x08000493   Thumb Code     0  startup_stm32f10x_md.o(.text)
    EXTI1_IRQHandler                         0x08000493   Thumb Code     0  startup_stm32f10x_md.o(.text)
    EXTI2_IRQHandler                         0x08000493   Thumb Code     0  startup_stm32f10x_md.o(.text)
    EXTI3_IRQHandler                         0x08000493   Thumb Code     0  startup_stm32f10x_md.o(.text)
    EXTI4_IRQHandler                         0x08000493   Thumb Code     0  startup_stm32f10x_md.o(.text)
    EXTI9_5_IRQHandler                       0x08000493   Thumb Code     0  startup_stm32f10x_md.o(.text)
    FLASH_IRQHandler                         0x08000493   Thumb Code     0  startup_stm32f10x_md.o(.text)
    I2C1_ER_IRQHandler                       0x08000493   Thumb Code     0  startup_stm32f10x_md.o(.text)
    I2C1_EV_IRQHandler                       0x08000493   Thumb Code     0  startup_stm32f10x_md.o(.text)
    I2C2_ER_IRQHandler                       0x08000493   Thumb Code     0  startup_stm32f10x_md.o(.text)
    I2C2_EV_IRQHandler                       0x08000493   Thumb Code     0  startup_stm32f10x_md.o(.text)
    PVD_IRQHandler                           0x08000493   Thumb Code     0  startup_stm32f10x_md.o(.text)
    RCC_IRQHandler                           0x08000493   Thumb Code     0  startup_stm32f10x_md.o(.text)
    RTCAlarm_IRQHandler                      0x08000493   Thumb Code     0  startup_stm32f10x_md.o(.text)
    RTC_IRQHandler                           0x08000493   Thumb Code     0  startup_stm32f10x_md.o(.text)
    SPI1_IRQHandler                          0x08000493   Thumb Code     0  startup_stm32f10x_md.o(.text)
    SPI2_IRQHandler                          0x08000493   Thumb Code     0  startup_stm32f10x_md.o(.text)
    TAMPER_IRQHandler                        0x08000493   Thumb Code     0  startup_stm32f10x_md.o(.text)
    TIM1_BRK_IRQHandler                      0x08000493   Thumb Code     0  startup_stm32f10x_md.o(.text)
    TIM1_TRG_COM_IRQHandler                  0x08000493   Thumb Code     0  startup_stm32f10x_md.o(.text)
    USART1_IRQHandler                        0x08000493   Thumb Code     0  startup_stm32f10x_md.o(.text)
    USART2_IRQHandler                        0x08000493   Thumb Code     0  startup_stm32f10x_md.o(.text)
    USART3_IRQHandler                        0x08000493   Thumb Code     0  startup_stm32f10x_md.o(.text)
    USBWakeUp_IRQHandler                     0x08000493   Thumb Code     0  startup_stm32f10x_md.o(.text)
    USB_HP_CAN1_TX_IRQHandler                0x08000493   Thumb Code     0  startup_stm32f10x_md.o(.text)
    USB_LP_CAN1_RX0_IRQHandler               0x08000493   Thumb Code     0  startup_stm32f10x_md.o(.text)
    WWDG_IRQHandler                          0x08000493   Thumb Code     0  startup_stm32f10x_md.o(.text)
    __scatterload                            0x0800049d   Thumb Code    38  init.o(.text)
    __scatterload_rt2                        0x0800049d   Thumb Code     0  init.o(.text)
    DMA_callback                             0x080004cd   Thumb Code    78  principal.o(.text.DMA_callback)
    InitialisationScores                     0x0800051d   Thumb Code    50  principal.o(.text.InitialisationScores)
    Scores                                   0x08000551   Thumb Code   194  principal.o(.text.Scores)
    ServJeuLASER_ADC_DMA                     0x08000615   Thumb Code    52  servicejeulaser.o(.text.ServJeuLASER_ADC_DMA)
    ServJeuLASER_Son_Init                    0x08000649   Thumb Code    90  servicejeulaser.o(.text.ServJeuLASER_Son_Init)
    ServJeuLASER_StartDMA                    0x080006a5   Thumb Code    28  servicejeulaser.o(.text.ServJeuLASER_StartDMA)
    ServJeuLASER_Systick_IT_Init             0x080006c1   Thumb Code    66  servicejeulaser.o(.text.ServJeuLASER_Systick_IT_Init)
    SystemInit                               0x08000831   Thumb Code   102  system_stm32f10x.o(.text.SystemInit)
    calculer_DFT_Fract                       0x08000899   Thumb Code   190  dft_fract.o(.text.calculer_DFT_Fract)
    main                                     0x08000959   Thumb Code    80  principal.o(.text.main)
    Active_IT_Debordement_Timer              0x080009a9   Thumb Code   204  timer_1234.o(i.Active_IT_Debordement_Timer)
    CLOCK_Configure                          0x08000a8d   Thumb Code   104  clock.o(i.CLOCK_Configure)
    CLOCK_GetADCCLK                          0x08000b01   Thumb Code     4  clock.o(i.CLOCK_GetADCCLK)
    CLOCK_GetHCLK                            0x08000b09   Thumb Code     4  clock.o(i.CLOCK_GetHCLK)
    CLOCK_GetTIMCLK                          0x08000b11   Thumb Code    22  clock.o(i.CLOCK_GetTIMCLK)
    GPIO_Configure                           0x08000ba9   Thumb Code   240  gpio.o(i.GPIO_Configure)
    Init_ADC1_DMA1                           0x08000cb1   Thumb Code    62  adc_dma.o(i.Init_ADC1_DMA1)
    Init_Conversion_On_Trig_Timer_ff         0x08000cfd   Thumb Code   102  adc_dma.o(i.Init_Conversion_On_Trig_Timer_ff)
    Init_TimingADC_ActiveADC_ff              0x08000d6d   Thumb Code   200  adc_dma.o(i.Init_TimingADC_ActiveADC_ff)
    PWM_Init_ff                              0x08000e41   Thumb Code   168  timer_1234.o(i.PWM_Init_ff)
    PWM_Set_Value_TIM3_Ch3                   0x08000eed   Thumb Code     6  timer_1234.o(i.PWM_Set_Value_TIM3_Ch3)
    Single_Channel_ADC                       0x08000ef9   Thumb Code    16  adc_dma.o(i.Single_Channel_ADC)
    Start_DMA1                               0x08000f09   Thumb Code    22  adc_dma.o(i.Start_DMA1)
    SysTick_Handler                          0x08000f25   Thumb Code     6  timer_systick.o(i.SysTick_Handler)
    Systick_Period_ff                        0x08000f31   Thumb Code    34  timer_systick.o(i.Systick_Period_ff)
    Systick_Prio_IT                          0x08000f55   Thumb Code    12  timer_systick.o(i.Systick_Prio_IT)
    TIM1_CC_IRQHandler                       0x08000f69   Thumb Code   240  timer_1234.o(i.TIM1_CC_IRQHandler)
    TIM1_UP_IRQHandler                       0x08001075   Thumb Code    16  timer_1234.o(i.TIM1_UP_IRQHandler)
    TIM2_IRQHandler                          0x0800108d   Thumb Code   266  timer_1234.o(i.TIM2_IRQHandler)
    TIM3_IRQHandler                          0x0800119d   Thumb Code   272  timer_1234.o(i.TIM3_IRQHandler)
    TIM4_IRQHandler                          0x080012c9   Thumb Code   272  timer_1234.o(i.TIM4_IRQHandler)
    Timer_1234_Init_ff                       0x080013f5   Thumb Code   106  timer_1234.o(i.Timer_1234_Init_ff)
    Wait_On_End_Of_DMA1                      0x08001471   Thumb Code    18  adc_dma.o(i.Wait_On_End_Of_DMA1)
    __scatterload_copy                       0x08001489   Thumb Code    14  handlers.o(i.__scatterload_copy)
    __scatterload_null                       0x08001497   Thumb Code     2  handlers.o(i.__scatterload_null)
    __scatterload_zeroinit                   0x08001499   Thumb Code    14  handlers.o(i.__scatterload_zeroinit)
    GestionSon_Start                         0x080014a9   Thumb Code    10  gestionson.o(moncode)
    GestionSon_Stop                          0x080014b3   Thumb Code    10  gestionson.o(moncode)
    GestionSon_callback                      0x080014bd   Thumb Code    74  gestionson.o(moncode)
    Region$$Table$$Base                      0x08001518   Number         0  anon$$obj.o(Region$$Table)
    LongueurSon                              0x08001538   Data           4  bruitverre.o(SecSon)
    Region$$Table$$Limit                     0x08001538   Number         0  anon$$obj.o(Region$$Table)
    PeriodeSonMicroSec                       0x0800153c   Data           4  bruitverre.o(SecSon)
    Son                                      0x08001540   Data           0  bruitverre.o(SecSon)
    TabCosFract                              0x08004050   Data           0  cossin_fract_1_15.o(Trigo)
    TabSinFract                              0x080040d0   Data           0  cossin_fract_1_15.o(Trigo)
    Duree                                    0x20000000   Data           4  affichage_valise.o(.data)
    Cpt_Bit                                  0x20000004   Data           1  affichage_valise.o(.data)
    Front_Ck_Doit_Monter                     0x20000005   Data           1  affichage_valise.o(.data)
    SPI_Soft_En_Cours                        0x20000006   Data           1  affichage_valise.o(.data)
    Pos_Bit                                  0x20000007   Data           1  affichage_valise.o(.data)
    Pos_Octet                                0x20000008   Data           1  affichage_valise.o(.data)
    Octet                                    0x20000009   Data           1  affichage_valise.o(.data)
    Bit                                      0x2000000a   Data           1  affichage_valise.o(.data)
    Masque_Octet                             0x2000000b   Data           1  affichage_valise.o(.data)
    Enable_Fct_IT_Compare_Match_TIM1_Voie1   0x2000000c   Data           1  timer_1234.o(.data)
    Enable_Fct_IT_Compare_Match_TIM1_Voie2   0x2000000d   Data           1  timer_1234.o(.data)
    Enable_Fct_IT_Compare_Match_TIM1_Voie3   0x2000000e   Data           1  timer_1234.o(.data)
    Enable_Fct_IT_Compare_Match_TIM1_Voie4   0x2000000f   Data           1  timer_1234.o(.data)
    Enable_Fct_IT_Compare_Match_TIM2_Voie1   0x20000010   Data           1  timer_1234.o(.data)
    Enable_Fct_IT_Compare_Match_TIM2_Voie2   0x20000011   Data           1  timer_1234.o(.data)
    Enable_Fct_IT_Compare_Match_TIM2_Voie3   0x20000012   Data           1  timer_1234.o(.data)
    Enable_Fct_IT_Compare_Match_TIM2_Voie4   0x20000013   Data           1  timer_1234.o(.data)
    Enable_Fct_IT_Compare_Match_TIM3_Voie1   0x20000014   Data           1  timer_1234.o(.data)
    Enable_Fct_IT_Compare_Match_TIM3_Voie2   0x20000015   Data           1  timer_1234.o(.data)
    Enable_Fct_IT_Compare_Match_TIM3_Voie3   0x20000016   Data           1  timer_1234.o(.data)
    Enable_Fct_IT_Compare_Match_TIM3_Voie4   0x20000017   Data           1  timer_1234.o(.data)
    Enable_Fct_IT_Compare_Match_TIM4_Voie1   0x20000018   Data           1  timer_1234.o(.data)
    Enable_Fct_IT_Compare_Match_TIM4_Voie2   0x20000019   Data           1  timer_1234.o(.data)
    Enable_Fct_IT_Compare_Match_TIM4_Voie3   0x2000001a   Data           1  timer_1234.o(.data)
    Enable_Fct_IT_Compare_Match_TIM4_Voie4   0x2000001b   Data           1  timer_1234.o(.data)
    M                                        0x200000b0   Data           4  principal.o(.data.M)
    GestionSon_Index                         0x200000b4   Data           4  gestionson.o(maram)
    SortieSon                                0x200000b8   Data           4  gestionson.o(maram)
    Trame                                    0x200000c0   Data          10  affichage_valise.o(.bss)
    DFT_Tab                                  0x200000cc   Data         256  principal.o(.bss.DFT_Tab)
    DMA_Tab                                  0x200001cc   Data         128  principal.o(.bss.DMA_Tab)
    compteur_scores                          0x2000024c   Data          16  principal.o(.bss.compteur_scores)
    scores                                   0x2000025c   Data          16  principal.o(.bss.scores)
    __initial_sp                             0x20000670   Data           0  startup_stm32f10x_md.o(STACK)



==============================================================================

Memory Map of the image

  Image Entry point : 0x08000479

  Load Region LR_1 (Base: 0x08000000, Size: 0x0000420c, Max: 0xffffffff, ABSOLUTE)

    Execution Region ER_RO (Exec base: 0x08000000, Load base: 0x08000000, Size: 0x00004150, Max: 0xffffffff, ABSOLUTE)

    Exec Addr    Load Addr    Size         Type   Attr      Idx    E Section Name        Object

    0x08000000   0x08000000   0x000000ec   Data   RO          111    RESET               startup_stm32f10x_md.o
    0x080000ec   0x080000ec   0x00000000   Code   RO          258  * .ARM.Collect$$$$00000000  mc_w.l(entry.o)
    0x080000ec   0x080000ec   0x00000004   Code   RO          285    .ARM.Collect$$$$00000001  mc_w.l(entry2.o)
    0x080000f0   0x080000f0   0x00000004   Code   RO          288    .ARM.Collect$$$$00000004  mc_w.l(entry5.o)
    0x080000f4   0x080000f4   0x00000000   Code   RO          290    .ARM.Collect$$$$00000008  mc_w.l(entry7b.o)
    0x080000f4   0x080000f4   0x00000000   Code   RO          292    .ARM.Collect$$$$0000000A  mc_w.l(entry8b.o)
    0x080000f4   0x080000f4   0x00000008   Code   RO          293    .ARM.Collect$$$$0000000B  mc_w.l(entry9a.o)
    0x080000fc   0x080000fc   0x00000000   Code   RO          295    .ARM.Collect$$$$0000000D  mc_w.l(entry10a.o)
    0x080000fc   0x080000fc   0x00000000   Code   RO          297    .ARM.Collect$$$$0000000F  mc_w.l(entry11a.o)
    0x080000fc   0x080000fc   0x00000004   Code   RO          286    .ARM.Collect$$$$00002712  mc_w.l(entry2.o)
    0x08000100   0x08000100   0x00000378   Code   RO           60    .text               affichage_valise.o
    0x08000478   0x08000478   0x00000024   Code   RO          112  * .text               startup_stm32f10x_md.o
    0x0800049c   0x0800049c   0x00000030   Code   RO          308    .text               mc_w.l(init.o)
    0x080004cc   0x080004cc   0x0000004e   Code   RO            6    .text.DMA_callback  principal.o
    0x0800051a   0x0800051a   0x00000002   PAD
    0x0800051c   0x0800051c   0x00000032   Code   RO            2    .text.InitialisationScores  principal.o
    0x0800054e   0x0800054e   0x00000002   PAD
    0x08000550   0x08000550   0x000000c2   Code   RO            4    .text.Scores        principal.o
    0x08000612   0x08000612   0x00000002   PAD
    0x08000614   0x08000614   0x00000034   Code   RO           38    .text.ServJeuLASER_ADC_DMA  servicejeulaser.o
    0x08000648   0x08000648   0x0000005a   Code   RO           32    .text.ServJeuLASER_Son_Init  servicejeulaser.o
    0x080006a2   0x080006a2   0x00000002   PAD
    0x080006a4   0x080006a4   0x0000001c   Code   RO           40    .text.ServJeuLASER_StartDMA  servicejeulaser.o
    0x080006c0   0x080006c0   0x00000042   Code   RO           36    .text.ServJeuLASER_Systick_IT_Init  servicejeulaser.o
    0x08000702   0x08000702   0x00000002   PAD
    0x08000704   0x08000704   0x00000008   Code   RO          119    .text.SetSysClock   system_stm32f10x.o
    0x0800070c   0x0800070c   0x00000122   Code   RO          123    .text.SetSysClockTo72  system_stm32f10x.o
    0x0800082e   0x0800082e   0x00000002   PAD
    0x08000830   0x08000830   0x00000066   Code   RO          117    .text.SystemInit    system_stm32f10x.o
    0x08000896   0x08000896   0x00000002   PAD
    0x08000898   0x08000898   0x000000be   Code   RO           51    .text.calculer_DFT_Fract  dft_fract.o
    0x08000956   0x08000956   0x00000002   PAD
    0x08000958   0x08000958   0x00000050   Code   RO            8    .text.main          principal.o
    0x080009a8   0x080009a8   0x000000e4   Code   RO          208    i.Active_IT_Debordement_Timer  DriverJeuLaser.lib(timer_1234.o)
    0x08000a8c   0x08000a8c   0x00000074   Code   RO          167    i.CLOCK_Configure   DriverJeuLaser.lib(clock.o)
    0x08000b00   0x08000b00   0x00000008   Code   RO          168    i.CLOCK_GetADCCLK   DriverJeuLaser.lib(clock.o)
    0x08000b08   0x08000b08   0x00000008   Code   RO          169    i.CLOCK_GetHCLK     DriverJeuLaser.lib(clock.o)
    0x08000b10   0x08000b10   0x00000024   Code   RO          172    i.CLOCK_GetTIMCLK   DriverJeuLaser.lib(clock.o)
    0x08000b34   0x08000b34   0x00000074   Code   RO          173    i.CLOCK_HPRECompute  DriverJeuLaser.lib(clock.o)
    0x08000ba8   0x08000ba8   0x00000108   Code   RO          193    i.GPIO_Configure    DriverJeuLaser.lib(gpio.o)
    0x08000cb0   0x08000cb0   0x0000004c   Code   RO          138    i.Init_ADC1_DMA1    DriverJeuLaser.lib(adc_dma.o)
    0x08000cfc   0x08000cfc   0x00000070   Code   RO          139    i.Init_Conversion_On_Trig_Timer_ff  DriverJeuLaser.lib(adc_dma.o)
    0x08000d6c   0x08000d6c   0x000000d4   Code   RO          143    i.Init_TimingADC_ActiveADC_ff  DriverJeuLaser.lib(adc_dma.o)
    0x08000e40   0x08000e40   0x000000ac   Code   RO          213    i.PWM_Init_ff       DriverJeuLaser.lib(timer_1234.o)
    0x08000eec   0x08000eec   0x0000000c   Code   RO          214    i.PWM_Set_Value_TIM3_Ch3  DriverJeuLaser.lib(timer_1234.o)
    0x08000ef8   0x08000ef8   0x00000010   Code   RO          144    i.Single_Channel_ADC  DriverJeuLaser.lib(adc_dma.o)
    0x08000f08   0x08000f08   0x0000001c   Code   RO          145    i.Start_DMA1        DriverJeuLaser.lib(adc_dma.o)
    0x08000f24   0x08000f24   0x0000000c   Code   RO          246    i.SysTick_Handler   DriverJeuLaser.lib(timer_systick.o)
    0x08000f30   0x08000f30   0x00000022   Code   RO          248    i.Systick_Period_ff  DriverJeuLaser.lib(timer_systick.o)
    0x08000f52   0x08000f52   0x00000002   PAD
    0x08000f54   0x08000f54   0x00000014   Code   RO          249    i.Systick_Prio_IT   DriverJeuLaser.lib(timer_systick.o)
    0x08000f68   0x08000f68   0x0000010c   Code   RO          215    i.TIM1_CC_IRQHandler  DriverJeuLaser.lib(timer_1234.o)
    0x08001074   0x08001074   0x00000018   Code   RO          216    i.TIM1_UP_IRQHandler  DriverJeuLaser.lib(timer_1234.o)
    0x0800108c   0x0800108c   0x00000110   Code   RO          217    i.TIM2_IRQHandler   DriverJeuLaser.lib(timer_1234.o)
    0x0800119c   0x0800119c   0x0000012c   Code   RO          218    i.TIM3_IRQHandler   DriverJeuLaser.lib(timer_1234.o)
    0x080012c8   0x080012c8   0x0000012c   Code   RO          219    i.TIM4_IRQHandler   DriverJeuLaser.lib(timer_1234.o)
    0x080013f4   0x080013f4   0x0000007c   Code   RO          221    i.Timer_1234_Init_ff  DriverJeuLaser.lib(timer_1234.o)
    0x08001470   0x08001470   0x00000018   Code   RO          147    i.Wait_On_End_Of_DMA1  DriverJeuLaser.lib(adc_dma.o)
    0x08001488   0x08001488   0x0000000e   Code   RO          314    i.__scatterload_copy  mc_w.l(handlers.o)
    0x08001496   0x08001496   0x00000002   Code   RO          315    i.__scatterload_null  mc_w.l(handlers.o)
    0x08001498   0x08001498   0x0000000e   Code   RO          316    i.__scatterload_zeroinit  mc_w.l(handlers.o)
    0x080014a6   0x080014a6   0x00000002   PAD
    0x080014a8   0x080014a8   0x00000070   Code   RO           25    moncode             gestionson.o
    0x08001518   0x08001518   0x00000020   Data   RO          313    Region$$Table       anon$$obj.o
    0x08001538   0x08001538   0x00002b18   Data   RO           22    SecSon              bruitverre.o
    0x08004050   0x08004050   0x00000100   Data   RO           48    Trigo               cossin_fract_1_15.o


    Execution Region ER_RW (Exec base: 0x20000000, Load base: 0x08004150, Size: 0x000000bc, Max: 0xffffffff, ABSOLUTE)

    Exec Addr    Load Addr    Size         Type   Attr      Idx    E Section Name        Object

    0x20000000   0x08004150   0x0000000c   Data   RW           62    .data               affichage_valise.o
    0x2000000c   0x0800415c   0x000000a0   Data   RW          223    .data               DriverJeuLaser.lib(timer_1234.o)
    0x200000ac   0x080041fc   0x00000004   Data   RW          250    .data               DriverJeuLaser.lib(timer_systick.o)
    0x200000b0   0x08004200   0x00000004   Data   RW           10    .data.M             principal.o
    0x200000b4   0x08004204   0x00000008   Data   RW           24    maram               gestionson.o


    Execution Region ER_ZI (Exec base: 0x200000c0, Load base: 0x0800420c, Size: 0x000005b0, Max: 0xffffffff, ABSOLUTE)

    Exec Addr    Load Addr    Size         Type   Attr      Idx    E Section Name        Object

    0x200000c0        -       0x0000000a   Zero   RW           61    .bss                affichage_valise.o
    0x200000ca   0x0800420c   0x00000002   PAD
    0x200000cc        -       0x00000100   Zero   RW           11    .bss.DFT_Tab        principal.o
    0x200001cc        -       0x00000080   Zero   RW           14    .bss.DMA_Tab        principal.o
    0x2000024c        -       0x00000010   Zero   RW           13    .bss.compteur_scores  principal.o
    0x2000025c        -       0x00000010   Zero   RW           12    .bss.scores         principal.o
    0x2000026c   0x0800420c   0x00000004   PAD
    0x20000270        -       0x00000400   Zero   RW          109    STACK               startup_stm32f10x_md.o


==============================================================================

Image component sizes


      Code (inc. data)   RO Data    RW Data    ZI Data      Debug   Object Name

       888         56          0         12         10       4562   affichage_valise.o
         0          0      11032          0          0          0   bruitverre.o
         0          0        256          0          0          0   cossin_fract_1_15.o
       190          0          0          0          0       1016   dft_fract.o
       112         18          0          8          0        500   gestionson.o
       402          0          0          4        416       1287   principal.o
       236          0          0          0          0       3249   servicejeulaser.o
        36          8        236          0       1024        816   startup_stm32f10x_md.o
       400          0          0          0          0       2973   system_stm32f10x.o

    ----------------------------------------------------------------------
      2280         82      11556         24       1456      14403   Object Totals
         0          0         32          0          0          0   (incl. Generated)
        16          0          0          0          6          0   (incl. Padding)

    ----------------------------------------------------------------------

      Code (inc. data)   RO Data    RW Data    ZI Data      Debug   Library Member Name

       468         48          0          0          0        436   adc_dma.o
       284         34          0          0          0        352   clock.o
       264         24          0          0          0         84   gpio.o
      1700        150          0        160          0        740   timer_1234.o
        66         14          0          4          0        204   timer_systick.o
         0          0          0          0          0          0   entry.o
         0          0          0          0          0          0   entry10a.o
         0          0          0          0          0          0   entry11a.o
         8          4          0          0          0          0   entry2.o
         4          0          0          0          0          0   entry5.o
         0          0          0          0          0          0   entry7b.o
         0          0          0          0          0          0   entry8b.o
         8          4          0          0          0          0   entry9a.o
        30          0          0          0          0          0   handlers.o
        48         10          0          0          0         68   init.o

    ----------------------------------------------------------------------
      2884        288          0        164          0       1884   Library Totals
         4          0          0          0          0          0   (incl. Padding)

    ----------------------------------------------------------------------

      Code (inc. data)   RO Data    RW Data    ZI Data      Debug   Library Name

      2782        270          0        164          0       1816   DriverJeuLaser.lib
        98         18          0          0          0         68   mc_w.l

    ----------------------------------------------------------------------
      2884        288          0        164          0       1884   Library Totals

    ----------------------------------------------------------------------

==============================================================================


      Code (inc. data)   RO Data    RW Data    ZI Data      Debug   

      5164        370      11556        188       1456      15131   Grand Totals
      5164        370      11556        188       1456      15131   ELF Image Totals
      5164        370      11556        188          0          0   ROM Totals

==============================================================================

    Total RO  Size (Code + RO Data)                16720 (  16.33kB)
    Total RW  Size (RW Data + ZI Data)              1644 (   1.61kB)
    Total ROM Size (Code + RO Data + RW Data)      16908 (  16.51kB)

==============================================================================

